Godot Engine v4.5.1.stable.official.f62fdbde1 - https://godotengine.org

---  GUT  ---
[1m[INFO]:  [0musing [C:/Users/Nick/AppData/Roaming/Godot/app_userdata/DEM_SITREP] for temporary output.
Godot version:  4.5.1
GUT version:  9.5.0
[4m

res://tests/unit/test_game_manager.gd
[0m* test_load_course_data_populates_master_pool
* test_reset_session_pool_creates_copy
SCRIPT ERROR: Invalid assignment of property or key 'master_questions_pool' with value of type 'Array' on a base object of type 'Node (GameManager.gd)'.
   at: test_reset_session_pool_creates_copy (res://tests/unit/test_game_manager.gd:13)
   GDScript backtrace (most recent call first):
       [0] test_reset_session_pool_creates_copy (res://tests/unit/test_game_manager.gd:13)
       [1] _run_test (res://addons/gut/gut.gd:612)
       [2] _test_the_scripts (res://addons/gut/gut.gd:815)
       [3] test_scripts (res://addons/gut/gut.gd:1027)
       [4] run_tests (res://addons/gut/gui/GutRunner.gd:194)
       [5] _run_tests (res://addons/gut/cli/gut_cli.gd:238)
       [6] main (res://addons/gut/cli/gut_cli.gd:284)
       [7] _init (res://addons/gut/gut_cmdln.gd:39)
[31m    [Failed]:  [0mUnexpected Errors:
    [1] <engine-2>Invalid assignment of property or key 'master_questions_pool' with value of type 'Array' on a base object of type 'Node (GameManager.gd)'.
      at line -1
* test_difficulty_settings
[1m2/3 passed.
[0m[4m

res://tests/unit/test_settings_manager.gd
[0m* test_default_settings
[31m    [Failed]:  [0m[0.5] expected to equal [1.0]:  Default Master volume should be 1.0
      at line 8
[31m    [Failed]:  [0m[0.25] expected to equal [1.0]:  Default SFX volume should be 1.0
      at line 10
* test_set_and_get_volume
* test_save_and_load_settings
[1m2/3 passed.
[0m



[33m==============================================
[0m[33m= Run Summary
[0m[33m==============================================
[0m[4m
res://tests/unit/test_game_manager.gd
[0m- test_reset_session_pool_creates_copy
[31m    [Failed]:  [0mUnexpected Errors:
    [1] <engine-2>Invalid assignment of property or key 'master_questions_pool' with value of type 'Array' on a base object of type 'Node (GameManager.gd)'.
          at line -1
[4m
res://tests/unit/test_settings_manager.gd
[0m- test_default_settings
[31m    [Failed]:  [0m[0.5] expected to equal [1.0]:  Default Master volume should be 1.0
          at line 8
[31m    [Failed]:  [0m[0.25] expected to equal [1.0]:  Default SFX volume should be 1.0
          at line 10

Totals
------
Scripts               2
Tests                 6
Passing Tests         4
Failing Tests         2
Asserts            9/12
Time              0.436s


[31m---- 2 failing tests ----
[0m
